<html>
<body>
<pre>
<h1>µVision Build Log</h1>
<h2>Tool Versions:</h2>
IDE-Version: µVision V5.30.0.0
Copyright (C) 2020 ARM Ltd and ARM Germany GmbH. All rights reserved.
License Information: Andrea Rossi, Home, LIC=S5ITG-VU01H-WKTB8-3KBUU-HIEF1-LZ5P9
 
Tool Versions:
Toolchain:       MDK-ARM Professional  Version: 5.30.0.0
Toolchain Path:  C:\Keil_v5\ARM\ARMCC\Bin
C Compiler:      Armcc.exe V5.06 update 6 (build 750)
Assembler:       Armasm.exe V5.06 update 6 (build 750)
Linker/Locator:  ArmLink.exe V5.06 update 6 (build 750)
Library Manager: ArmAr.exe V5.06 update 6 (build 750)
Hex Converter:   FromElf.exe V5.06 update 6 (build 750)
CPU DLL:         
Dialog DLL:      
Target DLL:      Segger\JL2CM3.dll V2.99.38.0
Dialog DLL:      TCM.DLL V1.42.0.0
 
<h2>Project:</h2>
C:\Users\Roberto\Desktop\Nordic_demo\Periph\Project\Template_NRF52832.uvproj
Project File Date:  06/03/2020

<h2>Output:</h2>
*** Using Compiler 'V5.06 update 6 (build 750)', folder: 'C:\Keil_v5\ARM\ARMCC\Bin'
Build target 'nRF52832_xxAA'
compiling main.c...
SRC\main.c(80): warning:  #177-D: function "timer_function"  was declared but never referenced
  static void timer_function (void * pvParameter);
SRC\main.c: 1 warning, 0 errors
linking...
Program Size: Code=44244 RO-data=3276 RW-data=520 ZI-data=22440  
FromELF: creating hex file...
".\_build\nRF52832_xxAA.axf" - 0 Error(s), 1 Warning(s).
Build Time Elapsed:  00:00:04
</pre>
</body>
</html>
